// Jest Snapshot v1, https://goo.gl/fbAQLP

exports[`ControlsTags Renders 1`] = `
<section
  className="tags controls null"
>
  <ul
    className="list"
  >
    <li
      className={null}
      onClick={[Function]}
    >
      Animation
    </li>
    <li
      className={null}
      onClick={[Function]}
    >
      Abstraction
    </li>
    <li
      className={null}
      onClick={[Function]}
    >
      Automation
    </li>
    <li
      className={null}
      onClick={[Function]}
    >
      CMS
    </li>
    <li
      className={null}
      onClick={[Function]}
    >
      CSS
    </li>
    <li
      className={null}
      onClick={[Function]}
    >
      Framework
    </li>
    <li
      className={null}
      onClick={[Function]}
    >
      JavaScript
    </li>
    <li
      className={null}
      onClick={[Function]}
    >
      Library
    </li>
    <li
      className={null}
      onClick={[Function]}
    >
      Manager
    </li>
    <li
      className={null}
      onClick={[Function]}
    >
      Mobile
    </li>
    <li
      className={null}
      onClick={[Function]}
    >
      Node
    </li>
    <li
      className={null}
      onClick={[Function]}
    >
      PHP
    </li>
    <li
      className={null}
      onClick={[Function]}
    >
      Preprocessor
    </li>
    <li
      className={null}
      onClick={[Function]}
    >
      Ruby
    </li>
    <li
      className={null}
      onClick={[Function]}
    >
      Single Page
    </li>
    <li
      className={null}
      onClick={[Function]}
    >
      Templating
    </li>
    <li
      className={null}
      onClick={[Function]}
    >
      Testing
    </li>
  </ul>
  <div
    className="trigger"
  >
    <a
      className={null}
      href="#"
      onClick={[Function]}
    >
      Tags
    </a>
  </div>
</section>
`;

exports[`Tag Renders 1`] = `
<section
  className="tags controls null"
>
  <ul
    className="list"
  >
    <li
      className={null}
      onClick={[Function]}
    >
      Animation
    </li>
    <li
      className={null}
      onClick={[Function]}
    >
      Abstraction
    </li>
    <li
      className={null}
      onClick={[Function]}
    >
      Automation
    </li>
    <li
      className={null}
      onClick={[Function]}
    >
      CMS
    </li>
    <li
      className={null}
      onClick={[Function]}
    >
      CSS
    </li>
    <li
      className={null}
      onClick={[Function]}
    >
      Framework
    </li>
    <li
      className={null}
      onClick={[Function]}
    >
      JavaScript
    </li>
    <li
      className={null}
      onClick={[Function]}
    >
      Library
    </li>
    <li
      className={null}
      onClick={[Function]}
    >
      Manager
    </li>
    <li
      className={null}
      onClick={[Function]}
    >
      Mobile
    </li>
    <li
      className={null}
      onClick={[Function]}
    >
      Node
    </li>
    <li
      className={null}
      onClick={[Function]}
    >
      PHP
    </li>
    <li
      className={null}
      onClick={[Function]}
    >
      Preprocessor
    </li>
    <li
      className={null}
      onClick={[Function]}
    >
      Ruby
    </li>
    <li
      className={null}
      onClick={[Function]}
    >
      Single Page
    </li>
    <li
      className={null}
      onClick={[Function]}
    >
      Templating
    </li>
    <li
      className={null}
      onClick={[Function]}
    >
      Testing
    </li>
  </ul>
  <div
    className="trigger"
  >
    <a
      className={null}
      href="#"
      onClick={[Function]}
    >
      Tags
    </a>
  </div>
</section>
`;
